Usage: pluto [--help] [--version] [--optionsfrom <filename>] \
	[--nofork] [--stderrlog] [--plutostderrlogtime] [--force_busy] [--nocrsend] [--strictcrlpolicy] [--crlcheckinterval] [--ocspuri] [--uniqueids] [--use-auto] [--use-klips] [--use-netkey] [--use-mast] [--use-bsdkame] [--use-nostack] \
	[--interface <ifname|ifaddr>] [--ikeport <port-number>][--listen <ifaddr>] \
	[--ctlbase <path>] \
	[--perpeerlogbase <path>] [--perpeerlog] \
	[--coredir <dirname>] [--noretransmits] \
	[--secretsfile <secrets-file>] [--ipsecdir <ipsec-dir>] \
	[--adns <pathname>][--nhelpers <number>] \
	[--secctx_attr_value <number>] (unavailable)  \
	[--debug-none] [--debug-all] \
	[--debug-raw] [--debug-crypt] [--debug-crypto] [--debug-parsing] [--debug-emitting] \
	[--debug-control][--debug-lifecycle] [--debug-klips] [--debug-netkey] [--debug-x509] [--debug-dns] [--debug-oppo] [--debug-oppoinfo] [--debug-dpd] [ --debug-private] [ --debug-pfkey] [ --debug-nat-t] \
	[--nat_traversal] [--keep_alive <delay_sec>] \
	[--force_keepalive] [--disable_port_floating] \
	[--virtual_private <network_list>]
Openswan VERSION
