Starting Pluto (Openswan Version VERSION
LEAK_DETECTIVE support [disabled]
OCF support for IKE [disabled]
SAref support [disabled]: Protocol not available
SAbind support [disabled]: Protocol not available
NSS support [disabled]
HAVE_STATSD notification support not compiled in
Setting NAT-Traversal port-4500 floating to off
   port floating activation criteria nat_t=0/port_float=1
   NAT-Traversal support  [disabled]
using /dev/urandom as source of random entropy
ike_alg_register_enc(): Activating OAKLEY_AES_CBC: Ok (ret=0)
ike_alg_register_hash(): Activating OAKLEY_SHA2_512: Ok (ret=0)
ike_alg_register_hash(): Activating OAKLEY_SHA2_256: Ok (ret=0)
starting up 1 cryptographic helpers
started helper pid=PID (fd:5)
Kernel interface auto-pick
No Kernel XFRM/NETKEY interface detected
No Kernel KLIPS interface detected
No Kernel MASTKLIPS interface detected
Using 'no_kernel' interface code on 3.2.0-4-686-pae
Could not change to directory '/etc/ipsec.d/cacerts': No such file or directory
Could not change to directory '/etc/ipsec.d/aacerts': No such file or directory
Could not change to directory '/etc/ipsec.d/ocspcerts': No such file or directory
Could not change to directory '/etc/ipsec.d/crls': 2 No such file or directory
using /dev/urandom as source of random entropy
shutting down
002 shutting down
pluto_crypto_helper: helper (0) is  normal exiting 
